12:00:08 Plato
12:00:08 Camus
12:00:08 Voltaire
12:00:08 Heidegger
12:00:08 Kierkegaard
12:00:08 Sartre
12:00:08 Hobbes
